; z80bench listing — Test Project
;
; ADDR   BYTES     ASCII  LABEL         MNEM  OPERANDS COMMENT
;

                     ; This is a very long block comment that should be wrapped at 77 characters of 
                     ; content so that the total line length in the assembly output is 79 
                     ; characters, but in the listing view it should be 100 characters because of 
                     ; the 21 character listing zone prefix.
                     START:
0000  00       .                   nop   
0001  00       .                   nop   
0002  00       .                   nop   
0003  00       .                   nop   
0004  00       .                   nop   
0005  00       .                   nop   
0006  00       .                   nop   
0007  00       .                   nop   
0008  00       .                   nop   
0009  00       .                   nop   
000A  00       .                   nop   
000B  00       .                   nop   
000C  00       .                   nop   
000D  00       .                   nop   
000E  00       .                   nop   
000F  00       .                   nop   
0010  00       .                   nop   
0011  00       .                   nop   
0012  00       .                   nop   
0013  00       .                   nop   
0014  00       .                   nop   
0015  00       .                   nop   
0016  00       .                   nop   
0017  00       .                   nop   
0018  00       .                   nop   
0019  00       .                   nop   
001A  00       .                   nop   
001B  00       .                   nop   
001C  00       .                   nop   
001D  00       .                   nop   
001E  00       .                   nop   
001F  00       .                   nop   
0020  00       .                   nop   
0021  00       .                   nop   
0022  00       .                   nop   
0023  00       .                   nop   
0024  00       .                   nop   
0025  00       .                   nop   
0026  00       .                   nop   
0027  00       .                   nop   
0028  00       .                   nop   
0029  00       .                   nop   
002A  00       .                   nop   
002B  00       .                   nop   
002C  00       .                   nop   
002D  00       .                   nop   
002E  00       .                   nop   
002F  00       .                   nop   
0030  00       .                   nop   
0031  00       .                   nop   
0032  00       .                   nop   
0033  00       .                   nop   
0034  00       .                   nop   
0035  00       .                   nop   
0036  00       .                   nop   
0037  00       .                   nop   
0038  00       .                   nop   
0039  00       .                   nop   
003A  00       .                   nop   
003B  00       .                   nop   
003C  00       .                   nop   
003D  00       .                   nop   
003E  00       .                   nop   
003F  00       .                   nop   
0040  00       .                   nop   
0041  00       .                   nop   
0042  00       .                   nop   
0043  00       .                   nop   
0044  00       .                   nop   
0045  00       .                   nop   
0046  00       .                   nop   
0047  00       .                   nop   
0048  00       .                   nop   
0049  00       .                   nop   
004A  00       .                   nop   
004B  00       .                   nop   
004C  00       .                   nop   
004D  00       .                   nop   
004E  00       .                   nop   
004F  00       .                   nop   
0050  00       .                   nop   
0051  00       .                   nop   
0052  00       .                   nop   
0053  00       .                   nop   
0054  00       .                   nop   
0055  00       .                   nop   
0056  00       .                   nop   
0057  00       .                   nop   
0058  00       .                   nop   
0059  00       .                   nop   
005A  00       .                   nop   
005B  00       .                   nop   
005C  00       .                   nop   
005D  00       .                   nop   
005E  00       .                   nop   
005F  00       .                   nop   
0060  00       .                   nop   
0061  00       .                   nop   
0062  00       .                   nop   
0063  00       .                   nop   
0064  00       .                   nop   
0065  00       .                   nop   
0066  00       .                   nop   
0067  00       .                   nop   
0068  00       .                   nop   
0069  00       .                   nop   
006A  00       .                   nop   
006B  00       .                   nop   
006C  00       .                   nop   
006D  00       .                   nop   
006E  00       .                   nop   
006F  00       .                   nop   
0070  00       .                   nop   
0071  00       .                   nop   
0072  00       .                   nop   
0073  00       .                   nop   
0074  00       .                   nop   
0075  00       .                   nop   
0076  00       .                   nop   
0077  00       .                   nop   
0078  00       .                   nop   
0079  00       .                   nop   
007A  00       .                   nop   
007B  00       .                   nop   
007C  00       .                   nop   
007D  00       .                   nop   
007E  00       .                   nop   
007F  00       .                   nop   
0080  00       .                   nop   
0081  00       .                   nop   
0082  00       .                   nop   
0083  00       .                   nop   
0084  00       .                   nop   
0085  00       .                   nop   
0086  00       .                   nop   
0087  00       .                   nop   
0088  00       .                   nop   
0089  00       .                   nop   
008A  00       .                   nop   
008B  00       .                   nop   
008C  00       .                   nop   
008D  00       .                   nop   
008E  00       .                   nop   
008F  00       .                   nop   
0090  00       .                   nop   
0091  00       .                   nop   
0092  00       .                   nop   
0093  00       .                   nop   
0094  00       .                   nop   
0095  00       .                   nop   
0096  00       .                   nop   
0097  00       .                   nop   
0098  00       .                   nop   
0099  00       .                   nop   
009A  00       .                   nop   
009B  00       .                   nop   
009C  00       .                   nop   
009D  00       .                   nop   
009E  00       .                   nop   
009F  00       .                   nop   
00A0  00       .                   nop   
00A1  00       .                   nop   
00A2  00       .                   nop   
00A3  00       .                   nop   
00A4  00       .                   nop   
00A5  00       .                   nop   
00A6  00       .                   nop   
00A7  00       .                   nop   
00A8  00       .                   nop   
00A9  00       .                   nop   
00AA  00       .                   nop   
00AB  00       .                   nop   
00AC  00       .                   nop   
00AD  00       .                   nop   
00AE  00       .                   nop   
00AF  00       .                   nop   
00B0  00       .                   nop   
00B1  00       .                   nop   
00B2  00       .                   nop   
00B3  00       .                   nop   
00B4  00       .                   nop   
00B5  00       .                   nop   
00B6  00       .                   nop   
00B7  00       .                   nop   
00B8  00       .                   nop   
00B9  00       .                   nop   
00BA  00       .                   nop   
00BB  00       .                   nop   
00BC  00       .                   nop   
00BD  00       .                   nop   
00BE  00       .                   nop   
00BF  00       .                   nop   
00C0  00       .                   nop   
00C1  00       .                   nop   
00C2  00       .                   nop   
00C3  00       .                   nop   
00C4  00       .                   nop   
00C5  00       .                   nop   
00C6  00       .                   nop   
00C7  00       .                   nop   
00C8  00       .                   nop   
00C9  00       .                   nop   
00CA  00       .                   nop   
00CB  00       .                   nop   
00CC  00       .                   nop   
00CD  00       .                   nop   
00CE  00       .                   nop   
00CF  00       .                   nop   
00D0  00       .                   nop   
00D1  00       .                   nop   
00D2  00       .                   nop   
00D3  00       .                   nop   
00D4  00       .                   nop   
00D5  00       .                   nop   
00D6  00       .                   nop   
00D7  00       .                   nop   
00D8  00       .                   nop   
00D9  00       .                   nop   
00DA  00       .                   nop   
00DB  00       .                   nop   
00DC  00       .                   nop   
00DD  00       .                   nop   
00DE  00       .                   nop   
00DF  00       .                   nop   
00E0  00       .                   nop   
00E1  00       .                   nop   
00E2  00       .                   nop   
00E3  00       .                   nop   
00E4  00       .                   nop   
00E5  00       .                   nop   
00E6  00       .                   nop   
00E7  00       .                   nop   
00E8  00       .                   nop   
00E9  00       .                   nop   
00EA  00       .                   nop   
00EB  00       .                   nop   
00EC  00       .                   nop   
00ED  00       .                   nop   
00EE  00       .                   nop   
00EF  00       .                   nop   
00F0  00       .                   nop   
00F1  00       .                   nop   
00F2  00       .                   nop   
00F3  00       .                   nop   
00F4  00       .                   nop   
00F5  00       .                   nop   
00F6  00       .                   nop   
00F7  00       .                   nop   
00F8  00       .                   nop   
00F9  00       .                   nop   
00FA  00       .                   nop   
00FB  00       .                   nop   
00FC  00       .                   nop   
00FD  00       .                   nop   
00FE  00       .                   nop   
00FF  00       .                   nop   
0100  00       .                   nop   
0101  00       .                   nop   
0102  00       .                   nop   
0103  00       .                   nop   
0104  00       .                   nop   
0105  00       .                   nop   
0106  00       .                   nop   
0107  00       .                   nop   
0108  00       .                   nop   
0109  00       .                   nop   
010A  00       .                   nop   
010B  00       .                   nop   
010C  00       .                   nop   
010D  00       .                   nop   
010E  00       .                   nop   
010F  00       .                   nop   
0110  00       .                   nop   
0111  00       .                   nop   
0112  00       .                   nop   
0113  00       .                   nop   
0114  00       .                   nop   
0115  00       .                   nop   
0116  00       .                   nop   
0117  00       .                   nop   
0118  00       .                   nop   
0119  00       .                   nop   
011A  00       .                   nop   
011B  00       .                   nop   
011C  00       .                   nop   
011D  00       .                   nop   
011E  00       .                   nop   
011F  00       .                   nop   
0120  00       .                   nop   
0121  00       .                   nop   
0122  00       .                   nop   
0123  00       .                   nop   
0124  00       .                   nop   
0125  00       .                   nop   
0126  00       .                   nop   
0127  00       .                   nop   
0128  00       .                   nop   
0129  00       .                   nop   
012A  00       .                   nop   
012B  00       .                   nop   
012C  00       .                   nop   
012D  00       .                   nop   
012E  00       .                   nop   
012F  00       .                   nop   
0130  00       .                   nop   
0131  00       .                   nop   
0132  00       .                   nop   
0133  00       .                   nop   
0134  00       .                   nop   
0135  00       .                   nop   
0136  00       .                   nop   
0137  00       .                   nop   
0138  00       .                   nop   
0139  00       .                   nop   
013A  00       .                   nop   
013B  00       .                   nop   
013C  00       .                   nop   
013D  00       .                   nop   
013E  00       .                   nop   
013F  00       .                   nop   
0140  00       .                   nop   
0141  00       .                   nop   
0142  00       .                   nop   
0143  00       .                   nop   
0144  00       .                   nop   
0145  00       .                   nop   
0146  00       .                   nop   
0147  00       .                   nop   
0148  00       .                   nop   
0149  00       .                   nop   
014A  00       .                   nop   
014B  00       .                   nop   
014C  00       .                   nop   
014D  00       .                   nop   
014E  00       .                   nop   
014F  00       .                   nop   
0150  00       .                   nop   
0151  00       .                   nop   
0152  00       .                   nop   
0153  00       .                   nop   
0154  00       .                   nop   
0155  00       .                   nop   
0156  00       .                   nop   
0157  00       .                   nop   
0158  00       .                   nop   
0159  00       .                   nop   
015A  00       .                   nop   
015B  00       .                   nop   
015C  00       .                   nop   
015D  00       .                   nop   
015E  00       .                   nop   
015F  00       .                   nop   
0160  00       .                   nop   
0161  00       .                   nop   
0162  00       .                   nop   
0163  00       .                   nop   
0164  00       .                   nop   
0165  00       .                   nop   
0166  00       .                   nop   
0167  00       .                   nop   
0168  00       .                   nop   
0169  00       .                   nop   
016A  00       .                   nop   
016B  00       .                   nop   
016C  00       .                   nop   
016D  00       .                   nop   
016E  00       .                   nop   
016F  00       .                   nop   
0170  00       .                   nop   
0171  00       .                   nop   
0172  00       .                   nop   
0173  00       .                   nop   
0174  00       .                   nop   
0175  00       .                   nop   
0176  00       .                   nop   
0177  00       .                   nop   
0178  00       .                   nop   
0179  00       .                   nop   
017A  00       .                   nop   
017B  00       .                   nop   
017C  00       .                   nop   
017D  00       .                   nop   
017E  00       .                   nop   
017F  00       .                   nop   
0180  00       .                   nop   
0181  00       .                   nop   
0182  00       .                   nop   
0183  00       .                   nop   
0184  00       .                   nop   
0185  00       .                   nop   
0186  00       .                   nop   
0187  00       .                   nop   
0188  00       .                   nop   
0189  00       .                   nop   
018A  00       .                   nop   
018B  00       .                   nop   
018C  00       .                   nop   
018D  00       .                   nop   
018E  00       .                   nop   
018F  00       .                   nop   
0190  00       .                   nop   
0191  00       .                   nop   
0192  00       .                   nop   
0193  00       .                   nop   
0194  00       .                   nop   
0195  00       .                   nop   
0196  00       .                   nop   
0197  00       .                   nop   
0198  00       .                   nop   
0199  00       .                   nop   
019A  00       .                   nop   
019B  00       .                   nop   
019C  00       .                   nop   
019D  00       .                   nop   
019E  00       .                   nop   
019F  00       .                   nop   
01A0  00       .                   nop   
01A1  00       .                   nop   
01A2  00       .                   nop   
01A3  00       .                   nop   
01A4  00       .                   nop   
01A5  00       .                   nop   
01A6  00       .                   nop   
01A7  00       .                   nop   
01A8  00       .                   nop   
01A9  00       .                   nop   
01AA  00       .                   nop   
01AB  00       .                   nop   
01AC  00       .                   nop   
01AD  00       .                   nop   
01AE  00       .                   nop   
01AF  00       .                   nop   
01B0  00       .                   nop   
01B1  00       .                   nop   
01B2  00       .                   nop   
01B3  00       .                   nop   
01B4  00       .                   nop   
01B5  00       .                   nop   
01B6  00       .                   nop   
01B7  00       .                   nop   
01B8  00       .                   nop   
01B9  00       .                   nop   
01BA  00       .                   nop   
01BB  00       .                   nop   
01BC  00       .                   nop   
01BD  00       .                   nop   
01BE  00       .                   nop   
01BF  00       .                   nop   
01C0  00       .                   nop   
01C1  00       .                   nop   
01C2  00       .                   nop   
01C3  00       .                   nop   
01C4  00       .                   nop   
01C5  00       .                   nop   
01C6  00       .                   nop   
01C7  00       .                   nop   
01C8  00       .                   nop   
01C9  00       .                   nop   
01CA  00       .                   nop   
01CB  00       .                   nop   
01CC  00       .                   nop   
01CD  00       .                   nop   
01CE  00       .                   nop   
01CF  00       .                   nop   
01D0  00       .                   nop   
01D1  00       .                   nop   
01D2  00       .                   nop   
01D3  00       .                   nop   
01D4  00       .                   nop   
01D5  00       .                   nop   
01D6  00       .                   nop   
01D7  00       .                   nop   
01D8  00       .                   nop   
01D9  00       .                   nop   
01DA  00       .                   nop   
01DB  00       .                   nop   
01DC  00       .                   nop   
01DD  00       .                   nop   
01DE  00       .                   nop   
01DF  00       .                   nop   
01E0  00       .                   nop   
01E1  00       .                   nop   
01E2  00       .                   nop   
01E3  00       .                   nop   
01E4  00       .                   nop   
01E5  00       .                   nop   
01E6  00       .                   nop   
01E7  00       .                   nop   
01E8  00       .                   nop   
01E9  00       .                   nop   
01EA  00       .                   nop   
01EB  00       .                   nop   
01EC  00       .                   nop   
01ED  00       .                   nop   
01EE  00       .                   nop   
01EF  00       .                   nop   
01F0  00       .                   nop   
01F1  00       .                   nop   
01F2  00       .                   nop   
01F3  00       .                   nop   
01F4  00       .                   nop   
01F5  00       .                   nop   
01F6  00       .                   nop   
01F7  00       .                   nop   
01F8  00       .                   nop   
01F9  00       .                   nop   
01FA  00       .                   nop   
01FB  00       .                   nop   
01FC  00       .                   nop   
01FD  00       .                   nop   
01FE  00       .                   nop   
01FF  00       .                   nop   
0200  00       .                   nop   
0201  00       .                   nop   
0202  00       .                   nop   
0203  00       .                   nop   
0204  00       .                   nop   
0205  00       .                   nop   
0206  00       .                   nop   
0207  00       .                   nop   
0208  00       .                   nop   
0209  00       .                   nop   
020A  00       .                   nop   
020B  00       .                   nop   
020C  00       .                   nop   
020D  00       .                   nop   
020E  00       .                   nop   
020F  00       .                   nop   
0210  00       .                   nop   
0211  00       .                   nop   
0212  00       .                   nop   
0213  00       .                   nop   
0214  00       .                   nop   
0215  00       .                   nop   
0216  00       .                   nop   
0217  00       .                   nop   
0218  00       .                   nop   
0219  00       .                   nop   
021A  00       .                   nop   
021B  00       .                   nop   
021C  00       .                   nop   
021D  00       .                   nop   
021E  00       .                   nop   
021F  00       .                   nop   
0220  00       .                   nop   
0221  00       .                   nop   
0222  00       .                   nop   
0223  00       .                   nop   
0224  00       .                   nop   
0225  00       .                   nop   
0226  00       .                   nop   
0227  00       .                   nop   
0228  00       .                   nop   
0229  00       .                   nop   
022A  00       .                   nop   
022B  00       .                   nop   
022C  00       .                   nop   
022D  00       .                   nop   
022E  00       .                   nop   
022F  00       .                   nop   
0230  00       .                   nop   
0231  00       .                   nop   
0232  00       .                   nop   
0233  00       .                   nop   
0234  00       .                   nop   
0235  00       .                   nop   
0236  00       .                   nop   
0237  00       .                   nop   
0238  00       .                   nop   
0239  00       .                   nop   
023A  00       .                   nop   
023B  00       .                   nop   
023C  00       .                   nop   
023D  00       .                   nop   
023E  00       .                   nop   
023F  00       .                   nop   
0240  00       .                   nop   
0241  00       .                   nop   
0242  00       .                   nop   
0243  00       .                   nop   
0244  00       .                   nop   
0245  00       .                   nop   
0246  00       .                   nop   
0247  00       .                   nop   
0248  00       .                   nop   
0249  00       .                   nop   
024A  00       .                   nop   
024B  00       .                   nop   
024C  00       .                   nop   
024D  00       .                   nop   
024E  00       .                   nop   
024F  00       .                   nop   
0250  00       .                   nop   
0251  00       .                   nop   
0252  00       .                   nop   
0253  00       .                   nop   
0254  00       .                   nop   
0255  00       .                   nop   
0256  00       .                   nop   
0257  00       .                   nop   
0258  00       .                   nop   
0259  00       .                   nop   
025A  00       .                   nop   
025B  00       .                   nop   
025C  00       .                   nop   
025D  00       .                   nop   
025E  00       .                   nop   
025F  00       .                   nop   
0260  00       .                   nop   
0261  00       .                   nop   
0262  00       .                   nop   
0263  00       .                   nop   
0264  00       .                   nop   
0265  00       .                   nop   
0266  00       .                   nop   
0267  00       .                   nop   
0268  00       .                   nop   
0269  00       .                   nop   
026A  00       .                   nop   
026B  00       .                   nop   
026C  00       .                   nop   
026D  00       .                   nop   
026E  00       .                   nop   
026F  00       .                   nop   
0270  00       .                   nop   
0271  00       .                   nop   
0272  00       .                   nop   
0273  00       .                   nop   
0274  00       .                   nop   
0275  00       .                   nop   
0276  00       .                   nop   
0277  00       .                   nop   
0278  00       .                   nop   
0279  00       .                   nop   
027A  00       .                   nop   
027B  00       .                   nop   
027C  00       .                   nop   
027D  00       .                   nop   
027E  00       .                   nop   
027F  00       .                   nop   
0280  00       .                   nop   
0281  00       .                   nop   
0282  00       .                   nop   
0283  00       .                   nop   
0284  00       .                   nop   
0285  00       .                   nop   
0286  00       .                   nop   
0287  00       .                   nop   
0288  00       .                   nop   
0289  00       .                   nop   
028A  00       .                   nop   
028B  00       .                   nop   
028C  00       .                   nop   
028D  00       .                   nop   
028E  00       .                   nop   
028F  00       .                   nop   
0290  00       .                   nop   
0291  00       .                   nop   
0292  00       .                   nop   
0293  00       .                   nop   
0294  00       .                   nop   
0295  00       .                   nop   
0296  00       .                   nop   
0297  00       .                   nop   
0298  00       .                   nop   
0299  00       .                   nop   
029A  00       .                   nop   
029B  00       .                   nop   
029C  00       .                   nop   
029D  00       .                   nop   
029E  00       .                   nop   
029F  00       .                   nop   
02A0  00       .                   nop   
02A1  00       .                   nop   
02A2  00       .                   nop   
02A3  00       .                   nop   
02A4  00       .                   nop   
02A5  00       .                   nop   
02A6  00       .                   nop   
02A7  00       .                   nop   
02A8  00       .                   nop   
02A9  00       .                   nop   
02AA  00       .                   nop   
02AB  00       .                   nop   
02AC  00       .                   nop   
02AD  00       .                   nop   
02AE  00       .                   nop   
02AF  00       .                   nop   
02B0  00       .                   nop   
02B1  00       .                   nop   
02B2  00       .                   nop   
02B3  00       .                   nop   
02B4  00       .                   nop   
02B5  00       .                   nop   
02B6  00       .                   nop   
02B7  00       .                   nop   
02B8  00       .                   nop   
02B9  00       .                   nop   
02BA  00       .                   nop   
02BB  00       .                   nop   
02BC  00       .                   nop   
02BD  00       .                   nop   
02BE  00       .                   nop   
02BF  00       .                   nop   
02C0  00       .                   nop   
02C1  00       .                   nop   
02C2  00       .                   nop   
02C3  00       .                   nop   
02C4  00       .                   nop   
02C5  00       .                   nop   
02C6  00       .                   nop   
02C7  00       .                   nop   
02C8  00       .                   nop   
02C9  00       .                   nop   
02CA  00       .                   nop   
02CB  00       .                   nop   
02CC  00       .                   nop   
02CD  00       .                   nop   
02CE  00       .                   nop   
02CF  00       .                   nop   
02D0  00       .                   nop   
02D1  00       .                   nop   
02D2  00       .                   nop   
02D3  00       .                   nop   
02D4  00       .                   nop   
02D5  00       .                   nop   
02D6  00       .                   nop   
02D7  00       .                   nop   
02D8  00       .                   nop   
02D9  00       .                   nop   
02DA  00       .                   nop   
02DB  00       .                   nop   
02DC  00       .                   nop   
02DD  00       .                   nop   
02DE  00       .                   nop   
02DF  00       .                   nop   
02E0  00       .                   nop   
02E1  00       .                   nop   
02E2  00       .                   nop   
02E3  00       .                   nop   
02E4  00       .                   nop   
02E5  00       .                   nop   
02E6  00       .                   nop   
02E7  00       .                   nop   
02E8  00       .                   nop   
02E9  00       .                   nop   
02EA  00       .                   nop   
02EB  00       .                   nop   
02EC  00       .                   nop   
02ED  00       .                   nop   
02EE  00       .                   nop   
02EF  00       .                   nop   
02F0  00       .                   nop   
02F1  00       .                   nop   
02F2  00       .                   nop   
02F3  00       .                   nop   
02F4  00       .                   nop   
02F5  00       .                   nop   
02F6  00       .                   nop   
02F7  00       .                   nop   
02F8  00       .                   nop   
02F9  00       .                   nop   
02FA  00       .                   nop   
02FB  00       .                   nop   
02FC  00       .                   nop   
02FD  00       .                   nop   
02FE  00       .                   nop   
02FF  00       .                   nop   
0300  00       .                   nop   
0301  00       .                   nop   
0302  00       .                   nop   
0303  00       .                   nop   
0304  00       .                   nop   
0305  00       .                   nop   
0306  00       .                   nop   
0307  00       .                   nop   
0308  00       .                   nop   
0309  00       .                   nop   
030A  00       .                   nop   
030B  00       .                   nop   
030C  00       .                   nop   
030D  00       .                   nop   
030E  00       .                   nop   
030F  00       .                   nop   
0310  00       .                   nop   
0311  00       .                   nop   
0312  00       .                   nop   
0313  00       .                   nop   
0314  00       .                   nop   
0315  00       .                   nop   
0316  00       .                   nop   
0317  00       .                   nop   
0318  00       .                   nop   
0319  00       .                   nop   
031A  00       .                   nop   
031B  00       .                   nop   
031C  00       .                   nop   
031D  00       .                   nop   
031E  00       .                   nop   
031F  00       .                   nop   
0320  00       .                   nop   
0321  00       .                   nop   
0322  00       .                   nop   
0323  00       .                   nop   
0324  00       .                   nop   
0325  00       .                   nop   
0326  00       .                   nop   
0327  00       .                   nop   
0328  00       .                   nop   
0329  00       .                   nop   
032A  00       .                   nop   
032B  00       .                   nop   
032C  00       .                   nop   
032D  00       .                   nop   
032E  00       .                   nop   
032F  00       .                   nop   
0330  00       .                   nop   
0331  00       .                   nop   
0332  00       .                   nop   
0333  00       .                   nop   
0334  00       .                   nop   
0335  00       .                   nop   
0336  00       .                   nop   
0337  00       .                   nop   
0338  00       .                   nop   
0339  00       .                   nop   
033A  00       .                   nop   
033B  00       .                   nop   
033C  00       .                   nop   
033D  00       .                   nop   
033E  00       .                   nop   
033F  00       .                   nop   
0340  00       .                   nop   
0341  00       .                   nop   
0342  00       .                   nop   
0343  00       .                   nop   
0344  00       .                   nop   
0345  00       .                   nop   
0346  00       .                   nop   
0347  00       .                   nop   
0348  00       .                   nop   
0349  00       .                   nop   
034A  00       .                   nop   
034B  00       .                   nop   
034C  00       .                   nop   
034D  00       .                   nop   
034E  00       .                   nop   
034F  00       .                   nop   
0350  00       .                   nop   
0351  00       .                   nop   
0352  00       .                   nop   
0353  00       .                   nop   
0354  00       .                   nop   
0355  00       .                   nop   
0356  00       .                   nop   
0357  00       .                   nop   
0358  00       .                   nop   
0359  00       .                   nop   
035A  00       .                   nop   
035B  00       .                   nop   
035C  00       .                   nop   
035D  00       .                   nop   
035E  00       .                   nop   
035F  00       .                   nop   
0360  00       .                   nop   
0361  00       .                   nop   
0362  00       .                   nop   
0363  00       .                   nop   
0364  00       .                   nop   
0365  00       .                   nop   
0366  00       .                   nop   
0367  00       .                   nop   
0368  00       .                   nop   
0369  00       .                   nop   
036A  00       .                   nop   
036B  00       .                   nop   
036C  00       .                   nop   
036D  00       .                   nop   
036E  00       .                   nop   
036F  00       .                   nop   
0370  00       .                   nop   
0371  00       .                   nop   
0372  00       .                   nop   
0373  00       .                   nop   
0374  00       .                   nop   
0375  00       .                   nop   
0376  00       .                   nop   
0377  00       .                   nop   
0378  00       .                   nop   
0379  00       .                   nop   
037A  00       .                   nop   
037B  00       .                   nop   
037C  00       .                   nop   
037D  00       .                   nop   
037E  00       .                   nop   
037F  00       .                   nop   
0380  00       .                   nop   
0381  00       .                   nop   
0382  00       .                   nop   
0383  00       .                   nop   
0384  00       .                   nop   
0385  00       .                   nop   
0386  00       .                   nop   
0387  00       .                   nop   
0388  00       .                   nop   
0389  00       .                   nop   
038A  00       .                   nop   
038B  00       .                   nop   
038C  00       .                   nop   
038D  00       .                   nop   
038E  00       .                   nop   
038F  00       .                   nop   
0390  00       .                   nop   
0391  00       .                   nop   
0392  00       .                   nop   
0393  00       .                   nop   
0394  00       .                   nop   
0395  00       .                   nop   
0396  00       .                   nop   
0397  00       .                   nop   
0398  00       .                   nop   
0399  00       .                   nop   
039A  00       .                   nop   
039B  00       .                   nop   
039C  00       .                   nop   
039D  00       .                   nop   
039E  00       .                   nop   
039F  00       .                   nop   
03A0  00       .                   nop   
03A1  00       .                   nop   
03A2  00       .                   nop   
03A3  00       .                   nop   
03A4  00       .                   nop   
03A5  00       .                   nop   
03A6  00       .                   nop   
03A7  00       .                   nop   
03A8  00       .                   nop   
03A9  00       .                   nop   
03AA  00       .                   nop   
03AB  00       .                   nop   
03AC  00       .                   nop   
03AD  00       .                   nop   
03AE  00       .                   nop   
03AF  00       .                   nop   
03B0  00       .                   nop   
03B1  00       .                   nop   
03B2  00       .                   nop   
03B3  00       .                   nop   
03B4  00       .                   nop   
03B5  00       .                   nop   
03B6  00       .                   nop   
03B7  00       .                   nop   
03B8  00       .                   nop   
03B9  00       .                   nop   
03BA  00       .                   nop   
03BB  00       .                   nop   
03BC  00       .                   nop   
03BD  00       .                   nop   
03BE  00       .                   nop   
03BF  00       .                   nop   
03C0  00       .                   nop   
03C1  00       .                   nop   
03C2  00       .                   nop   
03C3  00       .                   nop   
03C4  00       .                   nop   
03C5  00       .                   nop   
03C6  00       .                   nop   
03C7  00       .                   nop   
03C8  00       .                   nop   
03C9  00       .                   nop   
03CA  00       .                   nop   
03CB  00       .                   nop   
03CC  00       .                   nop   
03CD  00       .                   nop   
03CE  00       .                   nop   
03CF  00       .                   nop   
03D0  00       .                   nop   
03D1  00       .                   nop   
03D2  00       .                   nop   
03D3  00       .                   nop   
03D4  00       .                   nop   
03D5  00       .                   nop   
03D6  00       .                   nop   
03D7  00       .                   nop   
03D8  00       .                   nop   
03D9  00       .                   nop   
03DA  00       .                   nop   
03DB  00       .                   nop   
03DC  00       .                   nop   
03DD  00       .                   nop   
03DE  00       .                   nop   
03DF  00       .                   nop   
03E0  00       .                   nop   
03E1  00       .                   nop   
03E2  00       .                   nop   
03E3  00       .                   nop   
03E4  00       .                   nop   
03E5  00       .                   nop   
03E6  00       .                   nop   
03E7  00       .                   nop   
03E8  00       .                   nop   
03E9  00       .                   nop   
03EA  00       .                   nop   
03EB  00       .                   nop   
03EC  00       .                   nop   
03ED  00       .                   nop   
03EE  00       .                   nop   
03EF  00       .                   nop   
03F0  00       .                   nop   
03F1  00       .                   nop   
03F2  00       .                   nop   
03F3  00       .                   nop   
03F4  00       .                   nop   
03F5  00       .                   nop   
03F6  00       .                   nop   
03F7  00       .                   nop   
03F8  00       .                   nop   
03F9  00       .                   nop   
03FA  00       .                   nop   
03FB  00       .                   nop   
03FC  00       .                   nop   
03FD  00       .                   nop   
03FE  00       .                   nop   
03FF  00       .                   nop   
